I'm sorry, but errors were detected in your script. Please correct the
errors listed below, and try again.


File "game/ep1_investigation.rpy", line 71: Line is followed by a block, despite not being a menu choice. Did you forget a colon at the end of the line?
    "Where will you go?"
                        ^

Ren'Py Version: Ren'Py 8.3.2.24090902
Mon Jul 28 18:28:34 2025
